MESH_X = 100

MESH_Y = 100

MESH_Z = 1

DELTA_X = 3.000000e-08

DELTA_Y = 3.000000e-08

DELTA_Z = 1.000000e+00

NUMPHASES = 2

NUMCOMPONENTS = 3

DIMENSION = 2

NTIMESTEPS = 2000000

SAVET = 1000

NSMOOTH = 10

R = 8.314000e+00

V = 1.000000e-05

TEMPERATURE = 1.580000e+03

Equilibrium_temperature = 1.590000e+03

Filling_temperature = 1.580000e+03

GAMMA = [0.000000e+00,1.000000e-01
         1.000000e-01,0.000000e+00]

dab = [0.000000e+00,1.000000e-02
       1.000000e-02,0.000000e+00]

Tau = [0.000000e+00,2.800000e-01
       2.800000e-01,0.000000e+00]

DIFFUSIVITY[alpha] = [0.000000e+00,0.000000e+00
                      0.000000e+00,0.000000e+00]

DIFFUSIVITY[liquid] = [1.000000e-09,0.000000e+00
                       0.000000e+00,5.000000e-10]

Slopes[Solidus,alpha] = [0.000000e+00,0.000000e+00]

Slopes[Solidus,liquid] = [0.000000e+00,0.000000e+00]

Slopes[Liquidus,alpha] = [0.000000e+00,0.000000e+00]

Slopes[Liquidus,liquid] = [0.000000e+00,0.000000e+00]

A[alpha] = [1.678110e+05,2.022950e+05
            2.022950e+05,9.721400e+04]

A[liquid] = [1.469320e+05,1.133420e+05
             1.133420e+05,5.764750e+04]

DELTA_T = [0.000000e+00,0.000000e+00
           0.000000e+00,0.000000e+00]

DELTA_C = [0.000000e+00,0.000000e+00
           0.000000e+00,0.000000e+00]

dcbdT[0] = [0.000000e+00,0.000000e+00
            0.000000e+00,0.000000e+00]

dcbdT[1] = [0.000000e+00,0.000000e+00
            0.000000e+00,0.000000e+00]

dBbdT = [0.000000e+00,0.000000e+00
         0.000000e+00,0.000000e+00]

Beq = [0.000000e+00,0.000000e+00
       0.000000e+00,0.000000e+00]

B = [-2.911312e+03,-6.376997e+03
     0.000000e+00,0.000000e+00]

C = [-9.006036e+02,0.000000e+00]

Rotation_matrix[alpha][liquid] = [7.071068e-01,-7.071068e-01,0.000000e+00
                                  7.071068e-01,7.071068e-01,0.000000e+00
                                  0.000000e+00,0.000000e+00,1.000000e+00]

Rotation_matrix[liquid][alpha] = [7.071068e-01,-7.071068e-01,0.000000e+00
                                  7.071068e-01,7.071068e-01,0.000000e+00
                                  0.000000e+00,0.000000e+00,1.000000e+00]

Inv_Rotation_matrix[alpha][liquid] = [7.071068e-01,7.071068e-01,0.000000e+00
                                      -7.071068e-01,7.071068e-01,0.000000e+00
                                      0.000000e+00,0.000000e+00,1.000000e+00]

Inv_Rotation_matrix[liquid][alpha] = [7.071068e-01,7.071068e-01,0.000000e+00
                                      -7.071068e-01,7.071068e-01,0.000000e+00
                                      0.000000e+00,0.000000e+00,1.000000e+00]

Function_F = 4

Function_W = 1

Function_anisotropy = 1

Anisotropy_type = 4

COMPONENTS = [Al,Mo,Ni]

PHASES = [alpha,liquid]

ceq[Solidus,alpha] = [1.000350e-01,8.787650e-02]

ceq[Solidus,liquid] = [9.980440e-02,1.682580e-01]

ceq[Liquidus,alpha] = [9.980440e-02,1.682580e-01]

ceq[Liquidus,liquid] = [9.980440e-02,1.682580e-01]

cfill[Liquidus,alpha] = [9.980440e-02,1.682580e-01]

cfill[Liquidus,liquid] = [9.980440e-02,1.682580e-01]

BOUNDARY_LEFT[PHI] = NEUMANN

BOUNDARY_RIGHT[PHI] = NEUMANN

BOUNDARY_FRONT[PHI] = NEUMANN

BOUNDARY_BACK[PHI] = NEUMANN

BOUNDARY_TOP[PHI] = FREE

DIRICHLET and FREE boundary conditions have not yet been implemented. Please wait for next release. Will default to PERIODIC
BOUNDARY_BOTTOM[PHI] = FREE

DIRICHLET and FREE boundary conditions have not yet been implemented. Please wait for next release. Will default to PERIODIC
BOUNDARY_LEFT[MU] = NEUMANN

BOUNDARY_RIGHT[MU] = NEUMANN

BOUNDARY_FRONT[MU] = NEUMANN

BOUNDARY_BACK[MU] = NEUMANN

BOUNDARY_TOP[MU] = FREE

DIRICHLET and FREE boundary conditions have not yet been implemented. Please wait for next release. Will default to PERIODIC
BOUNDARY_BOTTOM[MU] = FREE

DIRICHLET and FREE boundary conditions have not yet been implemented. Please wait for next release. Will default to PERIODIC
BOUNDARY_LEFT[T] = NEUMANN

BOUNDARY_RIGHT[T] = NEUMANN

BOUNDARY_FRONT[T] = NEUMANN

BOUNDARY_BACK[T] = NEUMANN

BOUNDARY_TOP[T] = FREE

DIRICHLET and FREE boundary conditions have not yet been implemented. Please wait for next release. Will default to PERIODIC
BOUNDARY_BOTTOM[T] = FREE

DIRICHLET and FREE boundary conditions have not yet been implemented. Please wait for next release. Will default to PERIODIC
BOUNDARY_LEFT[U] = PERIODIC

BOUNDARY_RIGHT[U] = PERIODIC

BOUNDARY_FRONT[U] = PERIODIC

BOUNDARY_BACK[U] = PERIODIC

BOUNDARY_TOP[U] = FREE

DIRICHLET and FREE boundary conditions have not yet been implemented. Please wait for next release. Will default to PERIODIC
BOUNDARY_BOTTOM[U] = FREE

DIRICHLET and FREE boundary conditions have not yet been implemented. Please wait for next release. Will default to PERIODIC
BOUNDARY_LEFT[F] = PERIODIC

BOUNDARY_RIGHT[F] = PERIODIC

BOUNDARY_FRONT[F] = PERIODIC

BOUNDARY_BACK[F] = PERIODIC

BOUNDARY_TOP[F] = FREE

DIRICHLET and FREE boundary conditions have not yet been implemented. Please wait for next release. Will default to PERIODIC
BOUNDARY_BOTTOM[F] = FREE

DIRICHLET and FREE boundary conditions have not yet been implemented. Please wait for next release. Will default to PERIODIC
