MESH_X = 50

MESH_Y = 100

MESH_Z = 1

DELTA_X = 1.000000e-08

DELTA_Y = 1.000000e-08

DELTA_Z = 1.000000e-08

NUMPHASES = 3

NUMCOMPONENTS = 2

DIMENSION = 2

NTIMESTEPS = 200000

SAVET = 1000

NSMOOTH = 10

R = 8.314000e+00

V = 1.000000e-05

TEMPERATURE = 6.530000e+02

Equilibrium_temperature = 6.540000e+02

Filling_temperature = 6.530000e+02

GAMMA = [0.000000e+00,1.000000e-01,1.000000e-01
         1.000000e-01,0.000000e+00,1.000000e-01
         1.000000e-01,1.000000e-01,0.000000e+00]

dab = [0.000000e+00,1.000000e-02,1.000000e-02
       1.000000e-02,0.000000e+00,1.000000e-02
       1.000000e-02,1.000000e-02,0.000000e+00]

Tau = [0.000000e+00,2.800000e-01,2.800000e-01
       2.800000e-01,0.000000e+00,2.800000e-01
       2.800000e-01,2.800000e-01,0.000000e+00]

DIFFUSIVITY[alpha] = [0.000000e+00]

DIFFUSIVITY[beta] = [0.000000e+00]

DIFFUSIVITY[liquid] = [1.000000e-09]

Slopes[Solidus,alpha] = [0.000000e+00]

Slopes[Solidus,beta] = [0.000000e+00]

Slopes[Solidus,liquid] = [0.000000e+00]

Slopes[Liquidus,alpha] = [0.000000e+00]

Slopes[Liquidus,beta] = [0.000000e+00]

Slopes[Liquidus,liquid] = [0.000000e+00]

A[alpha] = [8.357795e+03]

A[beta] = [7.185604e+04]

A[liquid] = [1.813324e+04]

DELTA_T = [0.000000e+00,0.000000e+00,0.000000e+00
           0.000000e+00,0.000000e+00,0.000000e+00
           0.000000e+00,0.000000e+00,0.000000e+00]

DELTA_C = [0.000000e+00
           0.000000e+00
           0.000000e+00]

dcbdT[0] = [0.000000e+00
            0.000000e+00
            0.000000e+00]

dcbdT[1] = [0.000000e+00
            0.000000e+00
            0.000000e+00]

dcbdT[2] = [0.000000e+00
            0.000000e+00
            0.000000e+00]

dBbdT = [0.000000e+00
         0.000000e+00
         0.000000e+00]

Beq = [0.000000e+00
       0.000000e+00
       0.000000e+00]

B = [-1.253956e+03
     -1.950127e+02
     0.000000e+00]

C = [6.389530e+02,-1.890493e+02,0.000000e+00]

Rotation_matrix[alpha][beta] = [0.000000e+00,0.000000e+00,0.000000e+00
                                0.000000e+00,0.000000e+00,0.000000e+00
                                0.000000e+00,0.000000e+00,0.000000e+00]

Rotation_matrix[alpha][liquid] = [0.000000e+00,0.000000e+00,0.000000e+00
                                  0.000000e+00,0.000000e+00,0.000000e+00
                                  0.000000e+00,0.000000e+00,0.000000e+00]

Rotation_matrix[beta][alpha] = [0.000000e+00,0.000000e+00,0.000000e+00
                                0.000000e+00,0.000000e+00,0.000000e+00
                                0.000000e+00,0.000000e+00,0.000000e+00]

Rotation_matrix[beta][liquid] = [0.000000e+00,0.000000e+00,0.000000e+00
                                 0.000000e+00,0.000000e+00,0.000000e+00
                                 0.000000e+00,0.000000e+00,0.000000e+00]

Rotation_matrix[liquid][alpha] = [0.000000e+00,0.000000e+00,0.000000e+00
                                  0.000000e+00,0.000000e+00,0.000000e+00
                                  0.000000e+00,0.000000e+00,0.000000e+00]

Rotation_matrix[liquid][beta] = [0.000000e+00,0.000000e+00,0.000000e+00
                                 0.000000e+00,0.000000e+00,0.000000e+00
                                 0.000000e+00,0.000000e+00,0.000000e+00]

Inv_Rotation_matrix[alpha][beta] = [0.000000e+00,0.000000e+00,0.000000e+00
                                    0.000000e+00,0.000000e+00,0.000000e+00
                                    0.000000e+00,0.000000e+00,0.000000e+00]

Inv_Rotation_matrix[alpha][liquid] = [0.000000e+00,0.000000e+00,0.000000e+00
                                      0.000000e+00,0.000000e+00,0.000000e+00
                                      0.000000e+00,0.000000e+00,0.000000e+00]

Inv_Rotation_matrix[beta][alpha] = [0.000000e+00,0.000000e+00,0.000000e+00
                                    0.000000e+00,0.000000e+00,0.000000e+00
                                    0.000000e+00,0.000000e+00,0.000000e+00]

Inv_Rotation_matrix[beta][liquid] = [0.000000e+00,0.000000e+00,0.000000e+00
                                     0.000000e+00,0.000000e+00,0.000000e+00
                                     0.000000e+00,0.000000e+00,0.000000e+00]

Inv_Rotation_matrix[liquid][alpha] = [0.000000e+00,0.000000e+00,0.000000e+00
                                      0.000000e+00,0.000000e+00,0.000000e+00
                                      0.000000e+00,0.000000e+00,0.000000e+00]

Inv_Rotation_matrix[liquid][beta] = [0.000000e+00,0.000000e+00,0.000000e+00
                                     0.000000e+00,0.000000e+00,0.000000e+00
                                     0.000000e+00,0.000000e+00,0.000000e+00]

Function_F = 4

Function_W = 1

Function_anisotropy = 0

Anisotropy_type = 0

COMPONENTS = [Al,Zn]

PHASES = [alpha,beta,liquid]

ceq[Solidus,alpha] = [3.270000e-01]

ceq[Solidus,beta] = [3.100000e-02]

ceq[Solidus,liquid] = [1.165000e-01]

ceq[Liquidus,alpha] = [1.165000e-01]

ceq[Liquidus,beta] = [1.165000e-01]

ceq[Liquidus,liquid] = [1.165000e-01]

cfill[Liquidus,alpha] = [1.165000e-01]

cfill[Liquidus,beta] = [1.165000e-01]

cfill[Liquidus,liquid] = [1.165000e-01]

BOUNDARY_LEFT[PHI] = PERIODIC

BOUNDARY_RIGHT[PHI] = PERIODIC

BOUNDARY_FRONT[PHI] = NEUMANN

BOUNDARY_BACK[PHI] = NEUMANN

BOUNDARY_TOP[PHI] = FREE

DIRICHLET and FREE boundary conditions have not yet been implemented. Please wait for next release. Will default to PERIODIC
BOUNDARY_BOTTOM[PHI] = FREE

DIRICHLET and FREE boundary conditions have not yet been implemented. Please wait for next release. Will default to PERIODIC
BOUNDARY_LEFT[MU] = PERIODIC

BOUNDARY_RIGHT[MU] = PERIODIC

BOUNDARY_FRONT[MU] = NEUMANN

BOUNDARY_BACK[MU] = NEUMANN

BOUNDARY_TOP[MU] = FREE

DIRICHLET and FREE boundary conditions have not yet been implemented. Please wait for next release. Will default to PERIODIC
BOUNDARY_BOTTOM[MU] = FREE

DIRICHLET and FREE boundary conditions have not yet been implemented. Please wait for next release. Will default to PERIODIC
BOUNDARY_LEFT[T] = PERIODIC

BOUNDARY_RIGHT[T] = PERIODIC

BOUNDARY_FRONT[T] = NEUMANN

BOUNDARY_BACK[T] = NEUMANN

BOUNDARY_TOP[T] = FREE

DIRICHLET and FREE boundary conditions have not yet been implemented. Please wait for next release. Will default to PERIODIC
BOUNDARY_BOTTOM[T] = FREE

DIRICHLET and FREE boundary conditions have not yet been implemented. Please wait for next release. Will default to PERIODIC
BOUNDARY_RIGHT[U] = FREE

DIRICHLET and FREE boundary conditions have not yet been implemented. Please wait for next release. Will default to PERIODIC
BOUNDARY_FRONT[U] = FREE

DIRICHLET and FREE boundary conditions have not yet been implemented. Please wait for next release. Will default to PERIODIC
BOUNDARY_TOP[U] = FREE

DIRICHLET and FREE boundary conditions have not yet been implemented. Please wait for next release. Will default to PERIODIC
BOUNDARY_BOTTOM[U] = FREE

DIRICHLET and FREE boundary conditions have not yet been implemented. Please wait for next release. Will default to PERIODIC
BOUNDARY_RIGHT[F] = FREE

DIRICHLET and FREE boundary conditions have not yet been implemented. Please wait for next release. Will default to PERIODIC
BOUNDARY_FRONT[F] = FREE

DIRICHLET and FREE boundary conditions have not yet been implemented. Please wait for next release. Will default to PERIODIC
BOUNDARY_TOP[F] = FREE

DIRICHLET and FREE boundary conditions have not yet been implemented. Please wait for next release. Will default to PERIODIC
BOUNDARY_BOTTOM[F] = FREE

DIRICHLET and FREE boundary conditions have not yet been implemented. Please wait for next release. Will default to PERIODIC
