MESH_X = 200

MESH_Y = 200

MESH_Z = 1

DELTA_X = 4.000000e-11

DELTA_Y = 4.000000e-11

DELTA_Z = 4.000000e-11

NUMPHASES = 4

NUMCOMPONENTS = 3

DIMENSION = 2

NTIMESTEPS = 50000

SAVET = 1000

NSMOOTH = 10

R = 8.314000e+00

V = 1.000000e-05

TEMPERATURE = 1.100000e+03

Equilibrium_temperature = 1.200000e+03

Filling_temperature = 1.100000e+03

GAMMA = [0.000000e+00,1.000000e-02,1.000000e-02,1.000000e-02
         1.000000e-02,0.000000e+00,1.000000e-02,1.000000e-02
         1.000000e-02,1.000000e-02,0.000000e+00,1.000000e-02
         1.000000e-02,1.000000e-02,1.000000e-02,0.000000e+00]

dab = [0.000000e+00,0.000000e+00,0.000000e+00,0.000000e+00
       0.000000e+00,0.000000e+00,0.000000e+00,0.000000e+00
       0.000000e+00,0.000000e+00,0.000000e+00,0.000000e+00
       0.000000e+00,0.000000e+00,0.000000e+00,0.000000e+00]

Tau = [0.000000e+00,2.800000e-01,2.800000e-01,2.800000e-01
       2.800000e-01,0.000000e+00,2.800000e-01,2.800000e-01
       2.800000e-01,2.800000e-01,0.000000e+00,2.800000e-01
       2.800000e-01,2.800000e-01,2.800000e-01,4.001932e-322]

DIFFUSIVITY[gamma_1] = [1.000000e-13,0.000000e+00
                        0.000000e+00,1.000000e-13]

DIFFUSIVITY[gamma_2] = [1.000000e-13,0.000000e+00
                        0.000000e+00,1.000000e-13]

DIFFUSIVITY[gamma_3] = [1.000000e-13,0.000000e+00
                        0.000000e+00,1.000000e-13]

DIFFUSIVITY[gamma] = [1.000000e-13,0.000000e+00
                      0.000000e+00,1.000000e-13]

Slopes[Solidus,gamma_1] = [6.841966e-310,6.841966e-310]

Slopes[Solidus,gamma_2] = [6.841966e-310,6.841966e-310]

Slopes[Solidus,gamma_3] = [6.841966e-310,6.841966e-310]

Slopes[Solidus,gamma] = [6.841966e-310,6.841966e-310]

Slopes[Liquidus,gamma_1] = [6.841966e-310,1.592743e-315]

Slopes[Liquidus,gamma_2] = [6.841966e-310,6.841966e-310]

Slopes[Liquidus,gamma_3] = [6.841966e-310,6.841966e-310]

Slopes[Liquidus,gamma] = [6.841966e-310,6.841966e-310]

A[gamma_1] = [8.422650e+04,-2.064210e+04
              -2.064210e+04,1.362915e+06]

A[gamma_2] = [8.422650e+04,-2.064210e+04
              -2.064210e+04,1.362915e+06]

A[gamma_3] = [8.422650e+04,-2.064210e+04
              -2.064210e+04,1.362915e+06]

A[gamma] = [7.031350e+04,3.511840e+04
            3.511840e+04,1.007400e+07]

DELTA_T = [6.841966e-310,1.592328e-315,1.591860e-315,0.000000e+00
           6.841966e-310,6.841966e-310,-5.070990e-46,4.001932e-322
           6.841966e-310,6.841966e-310,1.592333e-315,0.000000e+00
           6.841966e-310,1.592326e-315,1.591860e-315,0.000000e+00]

DELTA_C = [6.841966e-310,6.841966e-310
           3.887506e-319,0.000000e+00
           6.841966e-310,1.592324e-315
           6.841966e-310,6.841966e-310]

dcbdT[0] = [6.841966e-310,6.841966e-310
            6.841966e-310,6.841966e-310
            3.887556e-319,0.000000e+00
            6.841966e-310,1.592343e-315]

dcbdT[1] = [6.841966e-310,6.841966e-310
            6.841966e-310,6.841966e-310
            6.841966e-310,1.592341e-315
            6.841966e-310,6.841966e-310]

dcbdT[2] = [6.841966e-310,6.841966e-310
            6.841966e-310,1.592339e-315
            6.841966e-310,6.841966e-310
            6.841966e-310,6.841966e-310]

dcbdT[3] = [6.841966e-310,1.592337e-315
            6.841966e-310,6.841966e-310
            6.841966e-310,6.841966e-310
            6.841966e-310,6.841966e-310]

dBbdT = [6.841966e-310,6.841966e-310
         6.841966e-310,6.841966e-310
         6.841966e-310,6.841966e-310
         6.841966e-310,1.592313e-315]

Beq = [6.841966e-310,6.841966e-310
       6.841966e-310,6.841966e-310
       6.841966e-310,6.841966e-310
       6.841966e-310,6.841966e-310]

B = [-2.656768e+04,5.064867e+03
     -2.656768e+04,5.064867e+03
     -2.656768e+04,5.064867e+03
     0.000000e+00,0.000000e+00]

C = [2.810889e+03,2.810889e+03,2.810889e+03,0.000000e+00]

Rotation_matrix[gamma_1][gamma_2] = [6.841966e-310,6.841966e-310,1.592303e-315
                                     3.887407e-319,0.000000e+00,1.581010e-322
                                     6.841966e-310,1.592296e-315,1.591860e-315]

Rotation_matrix[gamma_1][gamma_3] = [6.841966e-310,6.841966e-310,1.592301e-315
                                     6.841966e-310,6.841966e-310,1.592301e-315
                                     3.887407e-319,0.000000e+00,1.581010e-322]

Rotation_matrix[gamma_1][gamma] = [6.841966e-310,6.841966e-310,0.000000e+00
                                   6.841966e-310,6.841966e-310,1.592299e-315
                                   6.841966e-310,6.841966e-310,1.592299e-315]

Rotation_matrix[gamma_2][gamma_1] = [6.841966e-310,6.841966e-310,-4.426356e-72
                                     6.841966e-310,6.841966e-310,1.591860e-315
                                     6.841966e-310,6.841966e-310,0.000000e+00]

Rotation_matrix[gamma_2][gamma_3] = [6.841966e-310,1.592288e-315,1.591860e-315
                                     6.841966e-310,6.841966e-310,1.592308e-315
                                     6.841966e-310,6.841966e-310,1.592292e-315]

Rotation_matrix[gamma_2][gamma] = [3.887407e-319,0.000000e+00,1.581010e-322
                                   6.841966e-310,1.592286e-315,1.591860e-315
                                   6.841966e-310,6.841966e-310,0.000000e+00]

Rotation_matrix[gamma_3][gamma_1] = [6.841966e-310,1.592284e-315,1.591860e-315
                                     6.841966e-310,6.841966e-310,1.592333e-315
                                     6.841966e-310,6.841966e-310,1.592288e-315]

Rotation_matrix[gamma_3][gamma_2] = [3.887407e-319,0.000000e+00,1.581010e-322
                                     6.841966e-310,1.592281e-315,1.591860e-315
                                     6.841966e-310,6.841966e-310,1.592342e-315]

Rotation_matrix[gamma_3][gamma] = [6.841966e-310,6.841966e-310,1.592284e-315
                                   6.841966e-310,6.841966e-310,1.592284e-315
                                   3.887407e-319,0.000000e+00,1.581010e-322]

Rotation_matrix[gamma][gamma_1] = [6.841966e-310,6.841966e-310,1.591860e-315
                                   6.841966e-310,6.841966e-310,1.592346e-315
                                   6.841966e-310,1.592275e-315,1.591860e-315]

Rotation_matrix[gamma][gamma_2] = [6.841966e-310,6.841966e-310,1.592279e-315
                                   6.841966e-310,6.841966e-310,1.592279e-315
                                   3.887358e-319,0.000000e+00,1.581010e-322]

Rotation_matrix[gamma][gamma_3] = [6.841966e-310,6.841966e-310,1.592282e-315
                                   6.841966e-310,6.841966e-310,1.592277e-315
                                   6.841966e-310,6.841966e-310,1.592277e-315]

Inv_Rotation_matrix[gamma_1][gamma_2] = [6.841966e-310,6.841966e-310,1.592271e-315
                                         6.841966e-310,6.841966e-310,1.592271e-315
                                         3.887358e-319,0.000000e+00,1.581010e-322]

Inv_Rotation_matrix[gamma_1][gamma_3] = [6.841966e-310,6.841966e-310,0.000000e+00
                                         6.841966e-310,6.841966e-310,1.592269e-315
                                         6.841966e-310,6.841966e-310,1.592269e-315]

Inv_Rotation_matrix[gamma_1][gamma] = [6.841966e-310,1.592262e-315,1.591860e-315
                                       6.841966e-310,6.841966e-310,0.000000e+00
                                       6.841966e-310,6.841966e-310,1.592267e-315]

Inv_Rotation_matrix[gamma_2][gamma_1] = [6.841966e-310,6.841966e-310,0.000000e+00
                                         6.841966e-310,6.841966e-310,1.592264e-315
                                         6.841966e-310,6.841966e-310,1.592264e-315]

Inv_Rotation_matrix[gamma_2][gamma_3] = [3.887309e-319,0.000000e+00,1.581010e-322
                                         6.841966e-310,1.592256e-315,1.591860e-315
                                         6.841966e-310,6.841966e-310,0.000000e+00]

Inv_Rotation_matrix[gamma_2][gamma] = [6.841966e-310,6.841966e-310,1.592260e-315
                                       3.887309e-319,0.000000e+00,1.581010e-322
                                       6.841966e-310,1.592254e-315,1.591860e-315]

Inv_Rotation_matrix[gamma_3][gamma_1] = [6.841966e-310,6.841966e-310,1.592286e-315
                                         6.841966e-310,1.592245e-315,1.591860e-315
                                         6.841966e-310,6.841966e-310,0.000000e+00]

Inv_Rotation_matrix[gamma_3][gamma_2] = [6.841966e-310,6.841966e-310,1.592256e-315
                                         3.887309e-319,0.000000e+00,1.581010e-322
                                         6.841966e-310,1.592243e-315,1.591860e-315]

Inv_Rotation_matrix[gamma_3][gamma] = [6.841966e-310,6.841966e-310,1.592299e-315
                                       6.841966e-310,6.841966e-310,1.592245e-315
                                       6.841966e-310,6.841966e-310,1.592246e-315]

Inv_Rotation_matrix[gamma][gamma_1] = [6.841966e-310,6.841966e-310,-6.431208e+184
                                       6.841966e-310,6.841966e-310,1.591860e-315
                                       6.841966e-310,6.841966e-310,0.000000e+00]

Inv_Rotation_matrix[gamma][gamma_2] = [6.841966e-310,6.841966e-310,1.592269e-315
                                       6.841966e-310,6.841966e-310,1.592232e-315
                                       6.841966e-310,6.841966e-310,1.592232e-315]

Inv_Rotation_matrix[gamma][gamma_3] = [6.841966e-310,1.592226e-315,1.591860e-315
                                       6.841966e-310,6.841966e-310,0.000000e+00
                                       6.841966e-310,6.841966e-310,1.592230e-315]

Function_F = 4

Function_W = 1

Function_anisotropy = 0

Anisotropy_type = 0

COMPONENTS = [Al,Mo,Ni]

PHASES = [gamma_1,gamma_2,gamma_3,gamma]

ceq[Solidus,gamma_1] = [1.725810e-01,3.334020e-03]

ceq[Solidus,gamma_2] = [1.725810e-01,3.334020e-03]

ceq[Solidus,gamma_3] = [1.725810e-01,3.334020e-03]

ceq[Solidus,gamma] = [6.845970e-02,0.000000e+00]

ceq[Liquidus,gamma_1] = [6.845970e-02,1.144170e-03]

ceq[Liquidus,gamma_2] = [6.845970e-02,1.144170e-03]

ceq[Liquidus,gamma_3] = [6.845970e-02,1.144170e-03]

ceq[Liquidus,gamma] = [6.845970e-02,0.000000e+00]

cfill[Liquidus,gamma_1] = [6.845970e-02,1.144170e-03]

cfill[Liquidus,gamma_2] = [6.845970e-02,1.144170e-03]

cfill[Liquidus,gamma_3] = [6.845970e-02,1.144170e-03]

cfill[Liquidus,gamma] = [6.845970e-02,1.144170e-03]

EIGEN_STRAIN[gamma_1].xx = 2.000000e-03
EIGEN_STRAIN[gamma_1].yy = -1.000000e-02
EIGEN_STRAIN[gamma_1].zz = 0.000000e+00
EIGEN_STRAIN[gamma_1].yz = 0.000000e+00
EIGEN_STRAIN[gamma_1].xz = 0.000000e+00
EIGEN_STRAIN[gamma_1].xy = 0.000000e+00

EIGEN_STRAIN[gamma_2].xx = -1.000000e-02
EIGEN_STRAIN[gamma_2].yy = 2.000000e-03
EIGEN_STRAIN[gamma_2].zz = 0.000000e+00
EIGEN_STRAIN[gamma_2].yz = 0.000000e+00
EIGEN_STRAIN[gamma_2].xz = 0.000000e+00
EIGEN_STRAIN[gamma_2].xy = 0.000000e+00

EIGEN_STRAIN[gamma_3].xx = 1.000000e-02
EIGEN_STRAIN[gamma_3].yy = 1.000000e-02
EIGEN_STRAIN[gamma_3].zz = 0.000000e+00
EIGEN_STRAIN[gamma_3].yz = 0.000000e+00
EIGEN_STRAIN[gamma_3].xz = 0.000000e+00
EIGEN_STRAIN[gamma_3].xy = 0.000000e+00

EIGEN_STRAIN[gamma].xx = 0.000000e+00
EIGEN_STRAIN[gamma].yy = 0.000000e+00
EIGEN_STRAIN[gamma].zz = 0.000000e+00
EIGEN_STRAIN[gamma].yz = 0.000000e+00
EIGEN_STRAIN[gamma].xz = 0.000000e+00
EIGEN_STRAIN[gamma].xy = 0.000000e+00

Stiffness_cubic[gamma_1].C11 = 8.341500e+11
Stiffness_cubic[gamma_1].C12 = 5.775000e+11
Stiffness_cubic[gamma_1].C44 = 3.850000e+11

Stiffness_cubic[gamma_2].C11 = 8.341500e+11
Stiffness_cubic[gamma_2].C12 = 5.775000e+11
Stiffness_cubic[gamma_2].C44 = 3.850000e+11

Stiffness_cubic[gamma_3].C11 = 8.341500e+11
Stiffness_cubic[gamma_3].C12 = 5.775000e+11
Stiffness_cubic[gamma_3].C44 = 3.850000e+11

Stiffness_cubic[gamma].C11 = 8.341500e+11
Stiffness_cubic[gamma].C12 = 5.775000e+11
Stiffness_cubic[gamma].C44 = 3.850000e+11

BOUNDARY_LEFT[PHI] = PERIODIC

BOUNDARY_RIGHT[PHI] = PERIODIC

BOUNDARY_FRONT[PHI] = PERIODIC

BOUNDARY_BACK[PHI] = PERIODIC

BOUNDARY_TOP[PHI] = FREE

DIRICHLET and FREE boundary conditions have not yet been implemented. Please wait for next release. Will default to PERIODIC
BOUNDARY_BOTTOM[PHI] = FREE

DIRICHLET and FREE boundary conditions have not yet been implemented. Please wait for next release. Will default to PERIODIC
BOUNDARY_LEFT[MU] = PERIODIC

BOUNDARY_RIGHT[MU] = PERIODIC

BOUNDARY_FRONT[MU] = PERIODIC

BOUNDARY_BACK[MU] = PERIODIC

BOUNDARY_TOP[MU] = FREE

DIRICHLET and FREE boundary conditions have not yet been implemented. Please wait for next release. Will default to PERIODIC
BOUNDARY_BOTTOM[MU] = FREE

DIRICHLET and FREE boundary conditions have not yet been implemented. Please wait for next release. Will default to PERIODIC
BOUNDARY_LEFT[T] = PERIODIC

BOUNDARY_RIGHT[T] = PERIODIC

BOUNDARY_FRONT[T] = PERIODIC

BOUNDARY_BACK[T] = PERIODIC

BOUNDARY_TOP[T] = FREE

DIRICHLET and FREE boundary conditions have not yet been implemented. Please wait for next release. Will default to PERIODIC
BOUNDARY_BOTTOM[T] = FREE

DIRICHLET and FREE boundary conditions have not yet been implemented. Please wait for next release. Will default to PERIODIC
BOUNDARY_LEFT[U] = PERIODIC

BOUNDARY_RIGHT[U] = PERIODIC

BOUNDARY_FRONT[U] = PERIODIC

BOUNDARY_BACK[U] = PERIODIC

BOUNDARY_TOP[U] = FREE

DIRICHLET and FREE boundary conditions have not yet been implemented. Please wait for next release. Will default to PERIODIC
BOUNDARY_BOTTOM[U] = FREE

DIRICHLET and FREE boundary conditions have not yet been implemented. Please wait for next release. Will default to PERIODIC
BOUNDARY_RIGHT[F] = FREE

DIRICHLET and FREE boundary conditions have not yet been implemented. Please wait for next release. Will default to PERIODIC
BOUNDARY_FRONT[F] = FREE

DIRICHLET and FREE boundary conditions have not yet been implemented. Please wait for next release. Will default to PERIODIC
