MESH_X = 200

MESH_Y = 100

MESH_Z = 1

DELTA_X = 2.000000e-08

DELTA_Y = 2.000000e-08

DELTA_Z = 1.000000e+00

NUMPHASES = 3

NUMCOMPONENTS = 2

DIMENSION = 2

NTIMESTEPS = 100000

SAVET = 10000

NSMOOTH = 10

R = 8.314000e+00

V = 1.000000e-05

TEMPERATURE = 8.570000e+02

Equilibrium_temperature = 8.700000e+02

Filling_temperature = 8.570000e+02

GAMMA = [0.000000e+00,1.000000e-01,1.000000e-01
         1.000000e-01,0.000000e+00,1.000000e-01
         1.000000e-01,1.000000e-01,0.000000e+00]

dab = [0.000000e+00,1.000000e-02,1.000000e-02
       1.000000e-02,0.000000e+00,1.000000e-02
       1.000000e-02,1.000000e-02,0.000000e+00]

Tau = [0.000000e+00,2.800000e-01,2.800000e-01
       2.800000e-01,0.000000e+00,2.800000e-01
       2.800000e-01,2.800000e-01,0.000000e+00]

DIFFUSIVITY[alpha] = [0.000000e+00]

DIFFUSIVITY[liquid] = [1.000000e-09]

DIFFUSIVITY[beta] = [0.000000e+00]

Slopes[Solidus,alpha] = [6.660000e+02]

Slopes[Solidus,liquid] = [3.330000e+02]

Slopes[Solidus,beta] = [0.000000e+00]

Slopes[Liquidus,alpha] = [0.000000e+00]

Slopes[Liquidus,liquid] = [0.000000e+00]

Slopes[Liquidus,beta] = [0.000000e+00]

A[alpha] = [1.000000e+00]

A[liquid] = [1.000000e+00]

A[beta] = [0.000000e+00]

DELTA_T = [0.000000e+00,0.000000e+00,0.000000e+00
           0.000000e+00,0.000000e+00,0.000000e+00
           0.000000e+00,0.000000e+00,0.000000e+00]

DELTA_C = [0.000000e+00
           0.000000e+00
           0.000000e+00]

dcbdT[0] = [0.000000e+00
            0.000000e+00
            0.000000e+00]

dcbdT[1] = [0.000000e+00
            0.000000e+00
            0.000000e+00]

dcbdT[2] = [0.000000e+00
            0.000000e+00
            0.000000e+00]

dBbdT = [0.000000e+00
         0.000000e+00
         0.000000e+00]

Beq = [0.000000e+00
       0.000000e+00
       0.000000e+00]

B = [0.000000e+00
     0.000000e+00
     0.000000e+00]

C = [0.000000e+00,0.000000e+00,0.000000e+00]

Rotation_matrix[alpha][liquid] = [1.000000e+00,0.000000e+00,0.000000e+00
                                  0.000000e+00,1.000000e+00,0.000000e+00
                                  0.000000e+00,0.000000e+00,1.000000e+00]

Rotation_matrix[alpha][beta] = [0.000000e+00,0.000000e+00,0.000000e+00
                                0.000000e+00,0.000000e+00,0.000000e+00
                                0.000000e+00,0.000000e+00,0.000000e+00]

Rotation_matrix[liquid][alpha] = [1.000000e+00,0.000000e+00,0.000000e+00
                                  0.000000e+00,1.000000e+00,0.000000e+00
                                  0.000000e+00,0.000000e+00,1.000000e+00]

Rotation_matrix[liquid][beta] = [0.000000e+00,0.000000e+00,0.000000e+00
                                 0.000000e+00,0.000000e+00,0.000000e+00
                                 0.000000e+00,0.000000e+00,0.000000e+00]

Rotation_matrix[beta][alpha] = [0.000000e+00,0.000000e+00,0.000000e+00
                                0.000000e+00,0.000000e+00,0.000000e+00
                                0.000000e+00,0.000000e+00,0.000000e+00]

Rotation_matrix[beta][liquid] = [0.000000e+00,0.000000e+00,0.000000e+00
                                 0.000000e+00,0.000000e+00,0.000000e+00
                                 0.000000e+00,0.000000e+00,0.000000e+00]

Inv_Rotation_matrix[alpha][liquid] = [1.000000e+00,0.000000e+00,0.000000e+00
                                      0.000000e+00,1.000000e+00,0.000000e+00
                                      0.000000e+00,0.000000e+00,1.000000e+00]

Inv_Rotation_matrix[alpha][beta] = [0.000000e+00,0.000000e+00,0.000000e+00
                                    0.000000e+00,0.000000e+00,0.000000e+00
                                    0.000000e+00,0.000000e+00,0.000000e+00]

Inv_Rotation_matrix[liquid][alpha] = [1.000000e+00,0.000000e+00,0.000000e+00
                                      0.000000e+00,1.000000e+00,0.000000e+00
                                      0.000000e+00,0.000000e+00,1.000000e+00]

Inv_Rotation_matrix[liquid][beta] = [0.000000e+00,0.000000e+00,0.000000e+00
                                     0.000000e+00,0.000000e+00,0.000000e+00
                                     0.000000e+00,0.000000e+00,0.000000e+00]

Inv_Rotation_matrix[beta][alpha] = [0.000000e+00,0.000000e+00,0.000000e+00
                                    0.000000e+00,0.000000e+00,0.000000e+00
                                    0.000000e+00,0.000000e+00,0.000000e+00]

Inv_Rotation_matrix[beta][liquid] = [0.000000e+00,0.000000e+00,0.000000e+00
                                     0.000000e+00,0.000000e+00,0.000000e+00
                                     0.000000e+00,0.000000e+00,0.000000e+00]

Function_F = 2

Function_W = 1

Function_anisotropy = 1

Anisotropy_type = 4

COMPONENTS = [Al,Zn]

PHASES = [alpha,liquid,beta]

ceq[Solidus,alpha] = [9.260000e-01]

ceq[Solidus,liquid] = [8.170000e-01]

ceq[Solidus,beta] = [0.000000e+00]

ceq[Liquidus,alpha] = [0.000000e+00]

ceq[Liquidus,liquid] = [0.000000e+00]

ceq[Liquidus,beta] = [0.000000e+00]

cfill[Liquidus,alpha] = [0.000000e+00]

cfill[Liquidus,liquid] = [0.000000e+00]

cfill[Liquidus,beta] = [0.000000e+00]

BOUNDARY_LEFT[PHI] = PERIODIC

BOUNDARY_RIGHT[PHI] = PERIODIC

BOUNDARY_FRONT[PHI] = NEUMANN

BOUNDARY_BACK[PHI] = NEUMANN

BOUNDARY_TOP[PHI] = FREE

DIRICHLET and FREE boundary conditions have not yet been implemented. Please wait for next release. Will default to PERIODIC
BOUNDARY_BOTTOM[PHI] = FREE

DIRICHLET and FREE boundary conditions have not yet been implemented. Please wait for next release. Will default to PERIODIC
BOUNDARY_LEFT[MU] = PERIODIC

BOUNDARY_RIGHT[MU] = PERIODIC

BOUNDARY_FRONT[MU] = NEUMANN

BOUNDARY_BACK[MU] = NEUMANN

BOUNDARY_TOP[MU] = FREE

DIRICHLET and FREE boundary conditions have not yet been implemented. Please wait for next release. Will default to PERIODIC
BOUNDARY_BOTTOM[MU] = FREE

DIRICHLET and FREE boundary conditions have not yet been implemented. Please wait for next release. Will default to PERIODIC
BOUNDARY_LEFT[T] = PERIODIC

BOUNDARY_RIGHT[T] = PERIODIC

BOUNDARY_FRONT[T] = NEUMANN

BOUNDARY_BACK[T] = NEUMANN

BOUNDARY_TOP[T] = FREE

DIRICHLET and FREE boundary conditions have not yet been implemented. Please wait for next release. Will default to PERIODIC
BOUNDARY_BOTTOM[T] = FREE

DIRICHLET and FREE boundary conditions have not yet been implemented. Please wait for next release. Will default to PERIODIC
BOUNDARY_LEFT[U] = PERIODIC

BOUNDARY_RIGHT[U] = PERIODIC

BOUNDARY_FRONT[U] = NEUMANN

BOUNDARY_BACK[U] = NEUMANN

BOUNDARY_TOP[U] = FREE

DIRICHLET and FREE boundary conditions have not yet been implemented. Please wait for next release. Will default to PERIODIC
BOUNDARY_BOTTOM[U] = FREE

DIRICHLET and FREE boundary conditions have not yet been implemented. Please wait for next release. Will default to PERIODIC
BOUNDARY_LEFT[F] = PERIODIC

BOUNDARY_RIGHT[F] = PERIODIC

BOUNDARY_FRONT[F] = NEUMANN

BOUNDARY_BACK[F] = NEUMANN

BOUNDARY_TOP[F] = FREE

DIRICHLET and FREE boundary conditions have not yet been implemented. Please wait for next release. Will default to PERIODIC
BOUNDARY_BOTTOM[F] = FREE

DIRICHLET and FREE boundary conditions have not yet been implemented. Please wait for next release. Will default to PERIODIC
