MESH_X = 128

MESH_Y = 128

MESH_Z = 1

DELTA_X = 2.000000e+00

DELTA_Y = 2.000000e+00

DELTA_Z = 2.000000e+00

NUMPHASES = 2

NUMCOMPONENTS = 2

DIMENSION = 2

NTIMESTEPS = 50000

SAVET = 10000

NSMOOTH = 10

R = 1.000000e+00

V = 1.000000e+00

TEMPERATURE = 9.600000e-01

Equilibrium_temperature = 1.000000e+00

Filling_temperature = 1.000000e+00

GAMMA = [0.000000e+00,2.000000e-01
         2.000000e-01,6.766614e-310]

dab = [0.000000e+00,2.000000e-02
       2.000000e-02,0.000000e+00]

Tau = [0.000000e+00,2.800000e-01
       2.800000e-01,0.000000e+00]

DIFFUSIVITY[alpha] = [5.000000e-01]

DIFFUSIVITY[beta] = [1.000000e+00]

Slopes[Solidus,alpha] = [4.500000e-01]

Slopes[Solidus,beta] = [4.500000e-01]

Slopes[Liquidus,alpha] = [4.500000e-01]

Slopes[Liquidus,beta] = [4.500000e-01]

A[alpha] = [1.000000e+00]

A[beta] = [1.000000e+00]

DELTA_T = [-1.265625e-01,-1.265625e-01
           6.766614e-310,6.766614e-310]

DELTA_C = [-2.812500e-01
           1.163124e-318]

dcbdT[0] = [2.222222e+00
            2.222222e+00]

dcbdT[1] = [6.766614e-310
            6.766614e-310]

dBbdT = [0.000000e+00
         0.000000e+00]

Beq = [-5.625000e-01
       0.000000e+00]

B = [-5.625000e-01
     0.000000e+00]

C = [3.103516e-01,0.000000e+00]

Rotation_matrix[alpha][beta] = [6.766614e-310,4.764114e-315,4.763230e-315
                                6.766614e-310,6.766614e-310,0.000000e+00
                                6.766614e-310,6.766614e-310,4.764118e-315]

Rotation_matrix[beta][alpha] = [6.766614e-310,4.764111e-315,4.763230e-315
                                6.766614e-310,6.766614e-310,0.000000e+00
                                6.766614e-310,6.766614e-310,4.764116e-315]

Inv_Rotation_matrix[alpha][beta] = [1.163110e-318,0.000000e+00,1.581010e-322
                                    6.766614e-310,4.763716e-315,4.763230e-315
                                    6.766614e-310,6.766614e-310,0.000000e+00]

Inv_Rotation_matrix[beta][alpha] = [1.163016e-318,0.000000e+00,1.581010e-322
                                    6.766614e-310,4.763714e-315,4.763230e-315
                                    6.766614e-310,6.766614e-310,0.000000e+00]

Function_F = 1

Function_W = 1

Function_anisotropy = 0

Anisotropy_type = 0

COMPONENTS = [Al,Cu]

PHASES = [alpha,beta]

ceq[Solidus,alpha] = [7.812500e-01]

ceq[Solidus,beta] = [5.000000e-01]

ceq[Liquidus,alpha] = [5.000000e-01]

ceq[Liquidus,beta] = [5.000000e-01]

cfill[Liquidus,alpha] = [6.000000e-01]

cfill[Liquidus,beta] = [6.000000e-01]

BOUNDARY_LEFT[PHI] = PERIODIC

BOUNDARY_RIGHT[PHI] = PERIODIC

BOUNDARY_FRONT[PHI] = PERIODIC

BOUNDARY_BACK[PHI] = PERIODIC

BOUNDARY_TOP[PHI] = FREE

DIRICHLET and FREE boundary conditions have not yet been implemented. Please wait for next release. Will default to PERIODIC
BOUNDARY_BOTTOM[PHI] = FREE

DIRICHLET and FREE boundary conditions have not yet been implemented. Please wait for next release. Will default to PERIODIC
BOUNDARY_LEFT[MU] = PERIODIC

BOUNDARY_RIGHT[MU] = PERIODIC

BOUNDARY_FRONT[MU] = PERIODIC

BOUNDARY_BACK[MU] = PERIODIC

BOUNDARY_TOP[MU] = FREE

DIRICHLET and FREE boundary conditions have not yet been implemented. Please wait for next release. Will default to PERIODIC
BOUNDARY_BOTTOM[MU] = FREE

DIRICHLET and FREE boundary conditions have not yet been implemented. Please wait for next release. Will default to PERIODIC
BOUNDARY_LEFT[T] = PERIODIC

BOUNDARY_RIGHT[T] = PERIODIC

BOUNDARY_FRONT[T] = PERIODIC

BOUNDARY_BACK[T] = PERIODIC

BOUNDARY_TOP[T] = FREE

DIRICHLET and FREE boundary conditions have not yet been implemented. Please wait for next release. Will default to PERIODIC
BOUNDARY_BOTTOM[T] = FREE

DIRICHLET and FREE boundary conditions have not yet been implemented. Please wait for next release. Will default to PERIODIC
BOUNDARY_RIGHT[U] = FREE

DIRICHLET and FREE boundary conditions have not yet been implemented. Please wait for next release. Will default to PERIODIC
BOUNDARY_FRONT[U] = FREE

DIRICHLET and FREE boundary conditions have not yet been implemented. Please wait for next release. Will default to PERIODIC
BOUNDARY_RIGHT[F] = FREE

DIRICHLET and FREE boundary conditions have not yet been implemented. Please wait for next release. Will default to PERIODIC
BOUNDARY_FRONT[F] = FREE

DIRICHLET and FREE boundary conditions have not yet been implemented. Please wait for next release. Will default to PERIODIC
