MESH_X = 120

MESH_Y = 120

MESH_Z = 1

DELTA_X = 2.000000e+00

DELTA_Y = 2.000000e+00

DELTA_Z = 2.000000e+00

NUMPHASES = 2

NUMCOMPONENTS = 2

DIMENSION = 2

NTIMESTEPS = 80000

SAVET = 1000

NSMOOTH = 10

R = 1.000000e+00

V = 1.000000e+00

TEMPERATURE = 9.600000e-01

Equilibrium_temperature = 1.000000e+00

Filling_temperature = 1.000000e+00

GAMMA = [0.000000e+00,2.000000e-01
         2.000000e-01,1.817884e-315]

dab = [0.000000e+00,2.000000e-02
       2.000000e-02,0.000000e+00]

Tau = [0.000000e+00,2.800000e-01
       2.800000e-01,0.000000e+00]

DIFFUSIVITY[alpha] = [5.000000e-02]

DIFFUSIVITY[beta] = [1.000000e+00]

Slopes[Solidus,alpha] = [4.500000e-01]

Slopes[Solidus,beta] = [4.500000e-01]

Slopes[Liquidus,alpha] = [4.500000e-01]

Slopes[Liquidus,beta] = [4.500000e-01]

A[alpha] = [1.000000e+00]

A[beta] = [1.000000e+00]

DELTA_T = [-1.265625e-01,-1.265625e-01
           6.692580e-310,6.692580e-310]

DELTA_C = [-2.812500e-01
           6.692580e-310]

dcbdT[0] = [2.222222e+00
            2.222222e+00]

dcbdT[1] = [6.692580e-310
            4.439279e-319]

dBbdT = [0.000000e+00
         0.000000e+00]

Beq = [-5.625000e-01
       0.000000e+00]

B = [-5.625000e-01
     0.000000e+00]

C = [3.103516e-01,0.000000e+00]

Rotation_matrix[alpha][beta] = [6.692580e-310,6.692580e-310,1.818318e-315
                                6.692580e-310,6.692580e-310,1.818318e-315
                                4.439229e-319,0.000000e+00,1.581010e-322]

Rotation_matrix[beta][alpha] = [6.692580e-310,6.692580e-310,1.818316e-315
                                6.692580e-310,6.692580e-310,1.818316e-315
                                4.439229e-319,0.000000e+00,1.581010e-322]

Inv_Rotation_matrix[alpha][beta] = [6.692580e-310,6.692580e-310,0.000000e+00
                                    6.692580e-310,6.692580e-310,1.818286e-315
                                    6.692580e-310,6.692580e-310,1.818286e-315]

Inv_Rotation_matrix[beta][alpha] = [6.692580e-310,6.692580e-310,0.000000e+00
                                    6.692580e-310,6.692580e-310,1.818284e-315
                                    6.692580e-310,6.692580e-310,1.818284e-315]

Function_F = 1

Function_W = 1

Function_anisotropy = 0

Anisotropy_type = 0

COMPONENTS = [Al,Cu]

PHASES = [alpha,beta]

ceq[Solidus,alpha] = [7.812500e-01]

ceq[Solidus,beta] = [5.000000e-01]

ceq[Liquidus,alpha] = [5.000000e-01]

ceq[Liquidus,beta] = [5.000000e-01]

cfill[Liquidus,alpha] = [5.000000e-01]

cfill[Liquidus,beta] = [5.000000e-01]

EIGEN_STRAIN[alpha].xx = 1.000000e-02
EIGEN_STRAIN[alpha].yy = 1.000000e-02
EIGEN_STRAIN[alpha].zz = 0.000000e+00
EIGEN_STRAIN[alpha].yz = 0.000000e+00
EIGEN_STRAIN[alpha].xz = 0.000000e+00
EIGEN_STRAIN[alpha].xy = 0.000000e+00

EIGEN_STRAIN[beta].xx = 0.000000e+00
EIGEN_STRAIN[beta].yy = 0.000000e+00
EIGEN_STRAIN[beta].zz = 0.000000e+00
EIGEN_STRAIN[beta].yz = 0.000000e+00
EIGEN_STRAIN[beta].xz = 0.000000e+00
EIGEN_STRAIN[beta].xy = 0.000000e+00

Stiffness_cubic[alpha].C11 = 2.700000e+02
Stiffness_cubic[alpha].C12 = 1.875000e+02
Stiffness_cubic[alpha].C44 = 1.250000e+02

Stiffness_cubic[beta].C11 = 2.700000e+02
Stiffness_cubic[beta].C12 = 1.875000e+02
Stiffness_cubic[beta].C44 = 1.250000e+02

BOUNDARY_LEFT[PHI] = PERIODIC

BOUNDARY_RIGHT[PHI] = PERIODIC

BOUNDARY_FRONT[PHI] = PERIODIC

BOUNDARY_BACK[PHI] = PERIODIC

BOUNDARY_TOP[PHI] = FREE

DIRICHLET and FREE boundary conditions have not yet been implemented. Please wait for next release. Will default to PERIODIC
BOUNDARY_BOTTOM[PHI] = FREE

DIRICHLET and FREE boundary conditions have not yet been implemented. Please wait for next release. Will default to PERIODIC
BOUNDARY_LEFT[MU] = PERIODIC

BOUNDARY_RIGHT[MU] = PERIODIC

BOUNDARY_FRONT[MU] = PERIODIC

BOUNDARY_BACK[MU] = PERIODIC

BOUNDARY_TOP[MU] = FREE

DIRICHLET and FREE boundary conditions have not yet been implemented. Please wait for next release. Will default to PERIODIC
BOUNDARY_BOTTOM[MU] = FREE

DIRICHLET and FREE boundary conditions have not yet been implemented. Please wait for next release. Will default to PERIODIC
BOUNDARY_LEFT[T] = PERIODIC

BOUNDARY_RIGHT[T] = PERIODIC

BOUNDARY_FRONT[T] = PERIODIC

BOUNDARY_BACK[T] = PERIODIC

BOUNDARY_TOP[T] = FREE

DIRICHLET and FREE boundary conditions have not yet been implemented. Please wait for next release. Will default to PERIODIC
BOUNDARY_BOTTOM[T] = FREE

DIRICHLET and FREE boundary conditions have not yet been implemented. Please wait for next release. Will default to PERIODIC
BOUNDARY_RIGHT[U] = FREE

DIRICHLET and FREE boundary conditions have not yet been implemented. Please wait for next release. Will default to PERIODIC
BOUNDARY_FRONT[U] = FREE

DIRICHLET and FREE boundary conditions have not yet been implemented. Please wait for next release. Will default to PERIODIC
BOUNDARY_RIGHT[F] = FREE

DIRICHLET and FREE boundary conditions have not yet been implemented. Please wait for next release. Will default to PERIODIC
BOUNDARY_FRONT[F] = FREE

DIRICHLET and FREE boundary conditions have not yet been implemented. Please wait for next release. Will default to PERIODIC
